// Jest Snapshot v1, https://goo.gl/fbAQLP

exports[`When Nav component is initialized Landing has correct props 1`] = `
ShallowWrapper {
  "length": 1,
  Symbol(enzyme.__root__): [Circular],
  Symbol(enzyme.__unrendered__): <WithStyles(Landing)
    onAuth={[Function]}
    subTitle="Some login"
    title="Login"
  />,
  Symbol(enzyme.__renderer__): Object {
    "batchedUpdates": [Function],
    "getNode": [Function],
    "render": [Function],
    "simulateEvent": [Function],
    "unmount": [Function],
  },
  Symbol(enzyme.__node__): Object {
    "instance": null,
    "key": undefined,
    "nodeType": "class",
    "props": Object {
      "classes": Object {
        "authBtn": "Landing-authBtn-4",
        "demoLink": "Landing-demoLink-1",
        "icon": "Landing-icon-5",
        "iconText": "Landing-iconText-6",
        "root": "Landing-root-2",
        "subheader": "Landing-subheader-3",
      },
      "onAuth": [Function],
      "subTitle": "Some login",
      "title": "Login",
    },
    "ref": null,
    "rendered": null,
    "type": [Function],
  },
  Symbol(enzyme.__nodes__): Array [
    Object {
      "instance": null,
      "key": undefined,
      "nodeType": "class",
      "props": Object {
        "classes": Object {
          "authBtn": "Landing-authBtn-4",
          "demoLink": "Landing-demoLink-1",
          "icon": "Landing-icon-5",
          "iconText": "Landing-iconText-6",
          "root": "Landing-root-2",
          "subheader": "Landing-subheader-3",
        },
        "onAuth": [Function],
        "subTitle": "Some login",
        "title": "Login",
      },
      "ref": null,
      "rendered": null,
      "type": [Function],
    },
  ],
  Symbol(enzyme.__options__): Object {
    "adapter": ReactSixteenAdapter {
      "options": Object {
        "enableComponentDidUpdateOnSetState": true,
      },
    },
    "context": Object {},
  },
}
`;
